[05:23:06] t_algebraic_letters                              GREEN       exit=0 6s
[05:23:11] t_algebraic_observable_transport                 GREEN       exit=0 5s
[05:23:17] t_assembly                                       GREEN       exit=0 6s
[05:23:22] t_block_demands                                  GREEN       exit=0 5s
[05:24:13] t_blockwise_transport                            GREEN       exit=0 51s
[05:24:20] t_broker_adaptive                                GREEN       exit=0 7s
[05:24:28] t_canonica_scheduler                             GREEN       exit=0 8s
[05:24:37] t_canonical_blocks                               GREEN       exit=0 9s
[05:25:06] t_canonical_families                             GREEN       exit=0 29s
[05:27:24] t_canonical_pipeline                             GREEN       exit=0 138s
[05:27:28] t_certify_family_epsilon_form                    GREEN       exit=0 4s
[05:39:10] t_chart_transport                                GREEN       exit=0 702s
[05:39:17] t_check_levels                                   GREEN       exit=0 7s
[05:39:28] t_construction_budget                            GREEN       exit=0 11s
[05:39:36] t_construction_dag                               GREEN       exit=0 8s
[05:39:41] t_construction_dag_divisors                      GREEN       exit=0 5s
[05:39:48] t_diagonal_block_epsform                         GREEN       exit=0 7s
[05:39:53] t_eps_form_strip                                 GREEN       exit=0 5s
[05:43:41] t_epsform_obstruction                            GREEN       exit=0 228s
[05:43:45] t_epsilon_graded                                 GREEN       exit=0 4s
[05:45:29] t_exact_depth                                    GREEN       exit=0 104s
[05:45:36] t_exact_family_epsilon_form_q                    GREEN       exit=0 7s
[05:45:41] t_family_artifact_read                           GREEN       exit=0 5s
[05:47:19] t_family_certificate_modular                     GREEN       exit=0 98s
[05:47:24] t_family_epsform_module                          GREEN       exit=0 5s
[05:47:29] t_family_regulator_factor                        GREEN       exit=0 5s
[05:47:35] t_family_regulator_factor_in_frame               GREEN       exit=0 6s
[05:47:40] t_family_regulator_factor_resume                 GREEN       exit=0 5s
[05:47:49] t_family_row_gauge                               GREEN       exit=0 9s
[05:47:56] t_family_row_gauge_finite_field                  GREEN       exit=0 7s
[05:48:02] t_family_row_gauge_resume                        GREEN       exit=0 6s
[05:48:06] t_finite_field_adaptive_sampling                 GREEN       exit=0 4s
[05:48:13] t_finite_field_adversarial                       GREEN       exit=0 7s
[05:48:18] t_finite_field_affine_rref_backend               GREEN       exit=0 5s
[05:48:41] t_finite_field_constrained_solve                 GREEN       exit=0 23s
[05:50:25] t_finite_field_eps_form                          GREEN       exit=0 104s
[05:51:04] t_finite_field_preparation                       GREEN       exit=0 39s
[05:51:32] t_finite_field_round2                            GREEN       exit=0 28s
[05:51:39] t_finite_field_strip_solve                       GREEN       exit=0 7s
[05:51:44] t_fixed_sign_theorem                             GREEN       exit=0 5s
[05:51:51] t_generality_renamed_variables                   GREEN       exit=0 7s
[05:51:53] t_get_namespace_probe                            DIAGNOSTIC  exit=0 2s
[05:52:01] t_ghost_card_pipeline                            GREEN       exit=0 8s
[05:52:14] t_global_basis_reload                            GREEN       exit=0 13s
[05:52:32] t_hard_class_epsforms                            GREEN       exit=0 18s
[05:52:37] t_kallen23_coordinate_map                        GREEN       exit=0 5s
[05:52:42] t_kallen_q4_chart                                GREEN       exit=0 5s
[05:55:02] t_kernelpool_return_marker                       GREEN       exit=0 140s
[05:55:05] t_kpsubmit_argv_roundtrip                        GREEN       exit=0 3s
[05:55:07] t_kpsubmit_target_namespace                      GREEN       exit=0 2s
[05:55:14] t_libra_family_eps_form                          GREEN       exit=0 7s
[05:56:13] t_master_transport                               GREEN       exit=0 59s
[05:56:23] t_multiquadratic_algebra                         GREEN       exit=0 9s
[05:56:27] t_multiquadratic_algebra_differential            GREEN       exit=0 4s
[05:56:40] t_multiquadratic_dispatch                        GREEN       exit=0 13s
[05:56:45] t_multiquadratic_exact_verifier                  GREEN       exit=0 5s
[05:56:50] t_multiquadratic_field_canonicalizer             GREEN       exit=0 5s
[06:10:18] t_multiquadratic_gauge_ladder                    GREEN       exit=0 808s
[06:20:20] t_multiquadratic_gauge_screen                    GREEN       exit=0 602s
[06:26:47] t_multiquadratic_letters                         GREEN       exit=0 387s
[06:30:16] t_multiquadratic_obstruction_images              GREEN       exit=0 208s
[06:30:29] t_multiquadratic_persistence                     GREEN       exit=0 13s
[06:30:34] t_multiquadratic_potentials                      GREEN       exit=0 5s
[06:30:43] t_multiquadratic_prepare_core                    GREEN       exit=0 9s
[06:30:56] t_multiquadratic_provenance                      GREEN       exit=0 13s
[06:36:13] t_multiquadratic_providers                       GREEN       exit=0 317s
[06:36:23] t_multiquadratic_regulator_factor                GREEN       exit=0 10s
[06:39:52] t_multiquadratic_regulator_filter                GREEN       exit=0 209s
[06:39:59] t_multiquadratic_regulator_reconstruction        GREEN       exit=0 7s
[06:40:35] t_multiquadratic_strip_solve                     GREEN       exit=0 36s
[06:40:40] t_multiquadratic_transport_frame                 GREEN       exit=0 5s
[06:40:56] t_nlo_coefficient_golden                         GREEN       exit=0 16s
[06:41:07] t_nlo_golden                                     GREEN       exit=0 11s
[06:41:12] t_nlo_masters                                    GREEN       exit=0 5s
[06:41:19] t_observable_transport                           GREEN       exit=0 7s
[06:42:10] t_package_generality                             GREEN       exit=0 51s
[06:42:25] t_pair_queue_schedule                            GREEN       exit=0 15s
[06:47:07] t_physical_variable_coefficients                 GREEN       exit=0 282s
[06:47:32] t_radical_denesting                              GREEN       exit=0 25s
[06:49:06] t_reconstruction_ghost                           GREEN       exit=0 94s
[06:49:38] t_reconstruction_nlo                             GREEN       exit=0 32s
[06:49:43] t_reconstruction_parser                          GREEN       exit=0 5s
[06:50:14] t_registry_seeding                               GREEN       exit=0 31s
[06:50:18] t_signature_canonicalization                     GREEN       exit=0 4s
[06:50:46] t_solver_budget                                  GREEN       exit=0 28s
[06:52:15] t_streaming_kira_import                          GREEN       exit=0 89s
[06:52:20] t_symmetry_factor                                GREEN       exit=0 5s
[06:52:24] t_task_broker_limit                              GREEN       exit=0 4s
[06:52:29] t_transport_chart_extension                      GREEN       exit=0 5s
[06:52:58] t_transport_checkpoint                           GREEN       exit=0 29s
[06:53:03] t_two_core_ceiling                               GREEN       exit=0 5s
[06:53:08] t_undeclared_metadata                            GREEN       exit=0 5s
[06:53:14] t_usage_messages                                 GREEN       exit=0 6s
[06:53:19] t_wolfram_traps                                  GREEN       exit=0 5s
----------------------------------------------------------------
SUITE TOTAL 94  GREEN 93  DIAGNOSTIC 1  RED 0  TIMEOUT 0  UNVERIFIED 0  wall 5419s
SUITE GATE PASS
