Loading FeynCalc from /home/maxzhang/factorization-and-loops/Addon/Mathematica_Addon/FeynCalc/
$PrePrint is set to FeynCalcForm. Use FI and FC to change the display format.
FeynCalc 10.2.1 (stable version). For help, use the DisplayForm[ButtonBox[online documentation,, ButtonData :> {URL[https://feyncalc.github.io/referenceDev], None}, BaseStyle -> Hyperlink, ButtonNote -> https://feyncalc.github.io/referenceDev]] visit the DisplayForm[ButtonBox[forum, ButtonData :> {URL[https://github.com/FeynCalc/feyncalc/discussions], None}, BaseStyle -> Hyperlink, ButtonNote -> https://github.com/FeynCalc/feyncalc/discussions/]] and have a look at the supplied DisplayForm[ButtonBox[examples., BaseStyle -> Hyperlink, ButtonFunction :> SystemOpen[FileNameJoin[{$FeynCalcDirectory, Examples}]], Evaluator -> Automatic, Method -> Preemptive]] The PDF-version of the manual can be downloaded DisplayForm[ButtonBox[here., ButtonData :> {URL[https://github.com/FeynCalc/feyncalc-manual/releases/download/dev-manual/FeynCalcManual.pdf], None}, BaseStyle -> Hyperlink, ButtonNote -> https://github.com/FeynCalc/feyncalc-manual/releases/download/dev-manual/FeynCalcManual.pdf]]
If you use FeynCalc in your research, please evaluate FeynCalcHowToCite[] to learn how to cite this software.
Please keep in mind that the proper academic attribution of our work is crucial to ensure the future development of this package!
FeynCalcLegacy 1.0.0
FeynCalcLegacy contains legacy functions and symbols that were removed in FeynCalc 10.2.1
FeynHelpers 2.0.0 (). For help, use the DisplayForm[ButtonBox[online documentation,, ButtonData :> {URL[https://feyncalc.github.io/referenceFeynHelpersDev], None}, BaseStyle -> Hyperlink, ButtonNote -> https://feyncalc.github.io/referenceFeynHelpersDev]] visit the DisplayForm[ButtonBox[forum, ButtonData :> {URL[https://github.com/FeynCalc/feyncalc/discussions], None}, BaseStyle -> Hyperlink, ButtonNote -> https://github.com/FeynCalc/feyncalc/discussions/]] and have a look at the supplied DisplayForm[ButtonBox[examples., BaseStyle -> Hyperlink, ButtonFunction :> SystemOpen[FileNameJoin[{$FeynHelpersDirectory, Examples}]], Evaluator -> Automatic, Method -> Preemptive]] The PDF-version of the manual can be downloaded DisplayForm[ButtonBox[here., ButtonData :> {URL[https://github.com/FeynCalc/feynhelpers-manual/releases/download/dev-manual/FeynHelpersManual.pdf], None}, BaseStyle -> Hyperlink, ButtonNote -> https://github.com/FeynCalc/feynhelpers-manual/releases/download/dev-manual/FeynHelpersManual.pdf]]
 If you use FeynHelpers in your research, please evaluate FeynHelpersHowToCite[] to learn how to cite this work.
Loading FeynArts from /home/maxzhang/factorization-and-loops/Addon/Mathematica_Addon/FeynArts
FeynArts 3.12 (27 Mar 2025) patched for use with FeynCalc, for documentation see the DisplayForm[ButtonBox[manual, BaseStyle -> Hyperlink, ButtonFunction :> SystemOpen[First[FileNames[{*.pdf, *.PDF}, FileNameJoin[{$FeynArtsDirectory, manual}]]]], Evaluator -> Automatic, Method -> Preemptive]] or visit DisplayForm[ButtonBox[www.feynarts.de., ButtonData :> {URL[http://www.feynarts.de/], None}, BaseStyle -> Hyperlink, ButtonNote -> www.feynarts.de/]]
If you use FeynArts in your research, please cite
 • T. Hahn, Comput. Phys. Commun., 140, 418-431, 2001, arXiv:hep-ph/0012260
FeynFacet 0.1
[deferred-materialize] start: block {3, 1}, records 4, terms 8
[deferred-materialize] done: targets done 4, of 4, interned operands 8, intern seconds 0., expand seconds 0., cancel seconds 0., canonicalize seconds 0., route "Serial", fallbacks 0, seconds 0.
OK   the deferred forcing is built on the rational block
OK   G1 the public result carries a versioned preserved DAG
     G1 DAG: Short[<|Schema -> BlockEquationDeferredDAGV1, ABIVersion -> BlockEquationDeferredV1, RecordCount -> 4, TermCount -> 8, Bytes -> 14600, Retained -> True, Dimensions -> {2, 2, 1}|>, 8]
OK   G2 the DAG's measured byte size is recorded
[deferred-materialize] start: block {3, 1}, records 4, terms 8
[deferred-materialize] done: targets done 4, of 4, interned operands 8, intern seconds 0., expand seconds 0., cancel seconds 0., canonicalize seconds 0., route "Serial", fallbacks 0, seconds 0.
OK   G3 a byte limit below the measured size drops the records and says so
OK   G4 every preserved record's term sum equals the materialized entry
OK   G5 the divisor metadata is produced
     G5 rational factors: Short[{<|Factor -> 1 + gx, MaximumMultiplicity -> 3, Occurrences -> 4, Algebraic -> False|>, <|Factor -> -1 + gy, MaximumMultiplicity -> 2, Occurrences -> 4, Algebraic -> False|>}, 8]
OK   G5 the factor (1 + x) is listed once, at its highest single-entry multiplicity
OK   G5 each factor appears exactly once in the list
[deferred-materialize] start: block {3, 1}, records 4, terms 8
[deferred-materialize] done: targets done 4, of 4, interned operands 8, intern seconds 0., expand seconds 0., cancel seconds 0., canonicalize seconds 0., route "Serial", fallbacks 0, seconds 0.
OK   the deferred forcing is built on the algebraic block
     G6 algebraic factors: Short[{<|Factor -> 2 + gx + Sqrt[1 + gx], MaximumMultiplicity -> 2, Occurrences -> 4, Algebraic -> True, RadicalBases -> {1 + gx}, OrbitSize -> 2, Orbit -> {2 + gx + Sqrt[1 + gx], 2 + gx - Sqrt[1 + gx]}, Norm -> 3 + 3*gx + gx^2, NormFactors -> {{3 + 3*gx + gx^2, 1}}|>}, 8]
OK   G6 the algebraic denominator factor is KEPT algebraic, not rationalized away
OK   G6 it carries a Galois orbit of size two
OK   G7 its recorded norm is the exact product over the orbit and is free of radicals
     G7 norm: Short[3 + 3*gx + gx^2, 8]
OK   G7 the orbit list reproduces the two conjugates
[deferred-materialize] start: block {3, 1}, records 4, terms 8
[deferred-materialize] done: targets done 4, of 4, interned operands 8, intern seconds 0., expand seconds 0., cancel seconds 0., canonicalize seconds 0., route "Serial", fallbacks 0, seconds 0.
[deferred-materialize] start: block {3, 1}, records 4, terms 8
[deferred-materialize] done: targets done 4, of 4, interned operands 8, intern seconds 0., expand seconds 0., cancel seconds 0., canonicalize seconds 0., route "Serial", fallbacks 0, seconds 0.
OK   G8 the DAG survives with the metadata switched off
OK   G8 the metadata survives with the DAG switched off
t_construction_dag_divisors: 15 OK, 0 FAIL
