Loading FeynCalc from /home/maxzhang/factorization-and-loops/Addon/Mathematica_Addon/FeynCalc/
$PrePrint is set to FeynCalcForm. Use FI and FC to change the display format.
FeynCalc 10.2.1 (stable version). For help, use the DisplayForm[ButtonBox[online documentation,, ButtonData :> {URL[https://feyncalc.github.io/referenceDev], None}, BaseStyle -> Hyperlink, ButtonNote -> https://feyncalc.github.io/referenceDev]] visit the DisplayForm[ButtonBox[forum, ButtonData :> {URL[https://github.com/FeynCalc/feyncalc/discussions], None}, BaseStyle -> Hyperlink, ButtonNote -> https://github.com/FeynCalc/feyncalc/discussions/]] and have a look at the supplied DisplayForm[ButtonBox[examples., BaseStyle -> Hyperlink, ButtonFunction :> SystemOpen[FileNameJoin[{$FeynCalcDirectory, Examples}]], Evaluator -> Automatic, Method -> Preemptive]] The PDF-version of the manual can be downloaded DisplayForm[ButtonBox[here., ButtonData :> {URL[https://github.com/FeynCalc/feyncalc-manual/releases/download/dev-manual/FeynCalcManual.pdf], None}, BaseStyle -> Hyperlink, ButtonNote -> https://github.com/FeynCalc/feyncalc-manual/releases/download/dev-manual/FeynCalcManual.pdf]]
If you use FeynCalc in your research, please evaluate FeynCalcHowToCite[] to learn how to cite this software.
Please keep in mind that the proper academic attribution of our work is crucial to ensure the future development of this package!
FeynCalcLegacy 1.0.0
FeynCalcLegacy contains legacy functions and symbols that were removed in FeynCalc 10.2.1
FeynHelpers 2.0.0 (). For help, use the DisplayForm[ButtonBox[online documentation,, ButtonData :> {URL[https://feyncalc.github.io/referenceFeynHelpersDev], None}, BaseStyle -> Hyperlink, ButtonNote -> https://feyncalc.github.io/referenceFeynHelpersDev]] visit the DisplayForm[ButtonBox[forum, ButtonData :> {URL[https://github.com/FeynCalc/feyncalc/discussions], None}, BaseStyle -> Hyperlink, ButtonNote -> https://github.com/FeynCalc/feyncalc/discussions/]] and have a look at the supplied DisplayForm[ButtonBox[examples., BaseStyle -> Hyperlink, ButtonFunction :> SystemOpen[FileNameJoin[{$FeynHelpersDirectory, Examples}]], Evaluator -> Automatic, Method -> Preemptive]] The PDF-version of the manual can be downloaded DisplayForm[ButtonBox[here., ButtonData :> {URL[https://github.com/FeynCalc/feynhelpers-manual/releases/download/dev-manual/FeynHelpersManual.pdf], None}, BaseStyle -> Hyperlink, ButtonNote -> https://github.com/FeynCalc/feynhelpers-manual/releases/download/dev-manual/FeynHelpersManual.pdf]]
 If you use FeynHelpers in your research, please evaluate FeynHelpersHowToCite[] to learn how to cite this work.
Loading FeynArts from /home/maxzhang/factorization-and-loops/Addon/Mathematica_Addon/FeynArts
FeynArts 3.12 (27 Mar 2025) patched for use with FeynCalc, for documentation see the DisplayForm[ButtonBox[manual, BaseStyle -> Hyperlink, ButtonFunction :> SystemOpen[First[FileNames[{*.pdf, *.PDF}, FileNameJoin[{$FeynArtsDirectory, manual}]]]], Evaluator -> Automatic, Method -> Preemptive]] or visit DisplayForm[ButtonBox[www.feynarts.de., ButtonData :> {URL[http://www.feynarts.de/], None}, BaseStyle -> Hyperlink, ButtonNote -> www.feynarts.de/]]
If you use FeynArts in your research, please cite
 • T. Hahn, Comput. Phys. Commun., 140, 418-431, 2001, arXiv:hep-ph/0012260
FeynFacet 0.1
PASS  the rank-three Mandelstam frame is exact after u is eliminated
PASS  the root triple {s,t,1-s-t} has no joint rational chart
PASS  both root declaration orders prepare
PASS  the preparation schema is MultiquadraticStripPreparationV2
PASS  the hashed payload no longer carries the root source indices
PASS  forward and reversed declaration give bit-identical fingerprints
PASS  forward and reversed declaration give bit-identical hashed payloads
PASS  the canonical roots are identical text under either declaration
PASS  the canonical equations are identical text under either declaration
PASS  the canonical root squares themselves are the same objects
PASS  the source indices survive as non-hashed provenance
PASS  the public in-frame solver reaches modular consistency on a chartless triple-root strip
PASS  the public dispatch never reports the strip as Solved
PASS  the dispatched result has root rank three and eight grades
PASS  every sign branch is present and has zero residual
PASS  the dispatched result carries the frame's root census and the dispatch flag
PASS  the held-out prime and regulator value were both used
PASS  the recorded modular artifact round-trips in an explicit context
PASS  switching the dispatch off restores the historical refusal
PASS  an out-of-scope input keeps NoRationalStripChart, with the engine's typed refusal attached

OptionValue::nodef: Unknown option NoSuchEngineOption for FeynFacet`Private`solveEpsFormStripMultiquadratic.
PASS  a caller option error comes back as the engine typed it, not as a chart refusal
PASS  a malformed multiquadratic option list is a typed refusal
PASS  a vanishing forcing is still solved exactly before any dispatch
PASS  an undeclared radical is still refused before any dispatch
PASS  the frame yields three declared roots for the field primitives
PASS  a root-free scalar decomposes to the padded grade-zero channel vector
PASS  the root-free scalar is counted once on the fast path and nowhere else
PASS  the fast-path result was accepted only after the exact compose check
PASS  a scalar containing declared roots still takes the algebraic path
PASS  the algebraic path recomposes exactly
PASS  a rank-zero decomposition is the fast path and keeps its single channel
PASS  an undeclared radical still fails closed in the field primitive
PASS  every root-free scalar of a batch takes the fast path and equals the padded oracle
PASS  the preparation record surfaces the channel-path telemetry
PASS  the solve record surfaces the channel-path telemetry
------------------------------------------------
35 assertions, 0 failed
