Loading FeynCalc from /home/maxzhang/factorization-and-loops/Addon/Mathematica_Addon/FeynCalc/
$PrePrint is set to FeynCalcForm. Use FI and FC to change the display format.
FeynCalc 10.2.1 (stable version). For help, use the DisplayForm[ButtonBox[online documentation,, ButtonData :> {URL[https://feyncalc.github.io/referenceDev], None}, BaseStyle -> Hyperlink, ButtonNote -> https://feyncalc.github.io/referenceDev]] visit the DisplayForm[ButtonBox[forum, ButtonData :> {URL[https://github.com/FeynCalc/feyncalc/discussions], None}, BaseStyle -> Hyperlink, ButtonNote -> https://github.com/FeynCalc/feyncalc/discussions/]] and have a look at the supplied DisplayForm[ButtonBox[examples., BaseStyle -> Hyperlink, ButtonFunction :> SystemOpen[FileNameJoin[{$FeynCalcDirectory, Examples}]], Evaluator -> Automatic, Method -> Preemptive]] The PDF-version of the manual can be downloaded DisplayForm[ButtonBox[here., ButtonData :> {URL[https://github.com/FeynCalc/feyncalc-manual/releases/download/dev-manual/FeynCalcManual.pdf], None}, BaseStyle -> Hyperlink, ButtonNote -> https://github.com/FeynCalc/feyncalc-manual/releases/download/dev-manual/FeynCalcManual.pdf]]
If you use FeynCalc in your research, please evaluate FeynCalcHowToCite[] to learn how to cite this software.
Please keep in mind that the proper academic attribution of our work is crucial to ensure the future development of this package!
FeynCalcLegacy 1.0.0
FeynCalcLegacy contains legacy functions and symbols that were removed in FeynCalc 10.2.1
FeynHelpers 2.0.0 (). For help, use the DisplayForm[ButtonBox[online documentation,, ButtonData :> {URL[https://feyncalc.github.io/referenceFeynHelpersDev], None}, BaseStyle -> Hyperlink, ButtonNote -> https://feyncalc.github.io/referenceFeynHelpersDev]] visit the DisplayForm[ButtonBox[forum, ButtonData :> {URL[https://github.com/FeynCalc/feyncalc/discussions], None}, BaseStyle -> Hyperlink, ButtonNote -> https://github.com/FeynCalc/feyncalc/discussions/]] and have a look at the supplied DisplayForm[ButtonBox[examples., BaseStyle -> Hyperlink, ButtonFunction :> SystemOpen[FileNameJoin[{$FeynHelpersDirectory, Examples}]], Evaluator -> Automatic, Method -> Preemptive]] The PDF-version of the manual can be downloaded DisplayForm[ButtonBox[here., ButtonData :> {URL[https://github.com/FeynCalc/feynhelpers-manual/releases/download/dev-manual/FeynHelpersManual.pdf], None}, BaseStyle -> Hyperlink, ButtonNote -> https://github.com/FeynCalc/feynhelpers-manual/releases/download/dev-manual/FeynHelpersManual.pdf]]
 If you use FeynHelpers in your research, please evaluate FeynHelpersHowToCite[] to learn how to cite this work.
Loading FeynArts from /home/maxzhang/factorization-and-loops/Addon/Mathematica_Addon/FeynArts
FeynArts 3.12 (27 Mar 2025) patched for use with FeynCalc, for documentation see the DisplayForm[ButtonBox[manual, BaseStyle -> Hyperlink, ButtonFunction :> SystemOpen[First[FileNames[{*.pdf, *.PDF}, FileNameJoin[{$FeynArtsDirectory, manual}]]]], Evaluator -> Automatic, Method -> Preemptive]] or visit DisplayForm[ButtonBox[www.feynarts.de., ButtonData :> {URL[http://www.feynarts.de/], None}, BaseStyle -> Hyperlink, ButtonNote -> www.feynarts.de/]]
If you use FeynArts in your research, please cite
 • T. Hahn, Comput. Phys. Commun., 140, 418-431, 2001, arXiv:hep-ph/0012260
FeynFacet 0.1
OK   D1 the modular tower inverse is a genuine inverse at ranks 1, 2, 3
OK   D1 a zero-norm element is refused, not inverted
OK   D1 a zero element is refused at rank 0
OK   the two providers are built
     D7 active-root histogram: Short[<|0 -> 4, 2 -> 1, 1 -> 1|>, 8]
OK   D7 the per-entry active-root census is recorded and is not uniform
OK   D7 the census agrees with the standalone entry classifier
OK   a split point exists over the test prime
     split point: Short[{2, 7}, 8]
OK   both providers evaluate at the split point
OK   D2 the quotient-grade provider reproduces the exact oracle's channels
     D2 quotient channels / oracle: Short[{{1817101359, 1156337228, 330382067, 991146195}, {1817101359, 1156337228, 330382067, 991146195}}, 8]
OK   D3 the split-branch provider agrees with the quotient-grade provider
OK   D6 the single-root entry is evaluated locally and lifted: its channels live on the masks of that root's subfield only
     D6 single-root entry channels: Short[{644245027, 0, 1073741715, 0}, 8]
OK   a nonsplit point exists over the test prime
OK   D4 the split-branch provider refuses a nonsplit point, typed
OK   D4 the quotient-grade provider evaluates there anyway
     D5 zero-norm point: Short[{24, 7}, 8]
     D5 verdict: Short[SingularPoint, 8]
OK   D5 a zero-norm point is a TYPED rejection of the point
OK   D5 the SAME entry at a regular point evaluates normally, so D5 is about the zero norm and not about the entry
OK   the frozen CF300 (12,9) strip and its exact channels are in the repository
OK   the fixture is a rank-2 multiquadratic strip
     D7 CF300 active-root histogram: Short[<|0 -> 16, 2 -> 8|>, 8]
     D7 CF300 census seconds: Short[1.95, 8]
OK   a split point of the real block exists over the test prime
     D8 CF300 split point: Short[{2, 7}, 8]
OK   D8 both providers evaluate the real block at that image
OK   D8 THE ANCHOR: the split-branch provider reproduces every frozen exact channel of the real block
OK   D8 and so does the quotient-grade provider
     D8 entry count / channel count: Short[{8, 32}, 8]
     D10 provider seconds (quotient / split-branch), whole block: Short[{59.173, 1.321}, 8]
OK   D9 the two providers agree at three fresh split points
     D10 entry leaf counts: Short[{72021, 207545, 86078, 227591, 58066, 183092, 72349, 226596}, 8]
     D10 entry 4 leaves / active roots / oracle s / quotient s / split s / split method: Short[{227591, {1, 2}, 9.779, 12.986, 0.279, Substitution}, 8]
     D10 entry 8 leaves / active roots / oracle s / quotient s / split s / split method: Short[{226596, {1, 2}, 9.085, 11.903, 0.263, Substitution}, 8]
     D10 entry 2 leaves / active roots / oracle s / quotient s / split s / split method: Short[{207545, {1, 2}, 8.738, 11.945, 0.259, Substitution}, 8]
t_multiquadratic_providers: 23 OK, 0 FAIL
