Loading FeynCalc from /home/maxzhang/factorization-and-loops/Addon/Mathematica_Addon/FeynCalc/
$PrePrint is set to FeynCalcForm. Use FI and FC to change the display format.
FeynCalc 10.2.1 (stable version). For help, use the DisplayForm[ButtonBox[online documentation,, ButtonData :> {URL[https://feyncalc.github.io/referenceDev], None}, BaseStyle -> Hyperlink, ButtonNote -> https://feyncalc.github.io/referenceDev]] visit the DisplayForm[ButtonBox[forum, ButtonData :> {URL[https://github.com/FeynCalc/feyncalc/discussions], None}, BaseStyle -> Hyperlink, ButtonNote -> https://github.com/FeynCalc/feyncalc/discussions/]] and have a look at the supplied DisplayForm[ButtonBox[examples., BaseStyle -> Hyperlink, ButtonFunction :> SystemOpen[FileNameJoin[{$FeynCalcDirectory, Examples}]], Evaluator -> Automatic, Method -> Preemptive]] The PDF-version of the manual can be downloaded DisplayForm[ButtonBox[here., ButtonData :> {URL[https://github.com/FeynCalc/feyncalc-manual/releases/download/dev-manual/FeynCalcManual.pdf], None}, BaseStyle -> Hyperlink, ButtonNote -> https://github.com/FeynCalc/feyncalc-manual/releases/download/dev-manual/FeynCalcManual.pdf]]
If you use FeynCalc in your research, please evaluate FeynCalcHowToCite[] to learn how to cite this software.
Please keep in mind that the proper academic attribution of our work is crucial to ensure the future development of this package!
FeynCalcLegacy 1.0.0
FeynCalcLegacy contains legacy functions and symbols that were removed in FeynCalc 10.2.1
FeynHelpers 2.0.0 (). For help, use the DisplayForm[ButtonBox[online documentation,, ButtonData :> {URL[https://feyncalc.github.io/referenceFeynHelpersDev], None}, BaseStyle -> Hyperlink, ButtonNote -> https://feyncalc.github.io/referenceFeynHelpersDev]] visit the DisplayForm[ButtonBox[forum, ButtonData :> {URL[https://github.com/FeynCalc/feyncalc/discussions], None}, BaseStyle -> Hyperlink, ButtonNote -> https://github.com/FeynCalc/feyncalc/discussions/]] and have a look at the supplied DisplayForm[ButtonBox[examples., BaseStyle -> Hyperlink, ButtonFunction :> SystemOpen[FileNameJoin[{$FeynHelpersDirectory, Examples}]], Evaluator -> Automatic, Method -> Preemptive]] The PDF-version of the manual can be downloaded DisplayForm[ButtonBox[here., ButtonData :> {URL[https://github.com/FeynCalc/feynhelpers-manual/releases/download/dev-manual/FeynHelpersManual.pdf], None}, BaseStyle -> Hyperlink, ButtonNote -> https://github.com/FeynCalc/feynhelpers-manual/releases/download/dev-manual/FeynHelpersManual.pdf]]
 If you use FeynHelpers in your research, please evaluate FeynHelpersHowToCite[] to learn how to cite this work.
Loading FeynArts from /home/maxzhang/factorization-and-loops/Addon/Mathematica_Addon/FeynArts
FeynArts 3.12 (27 Mar 2025) patched for use with FeynCalc, for documentation see the DisplayForm[ButtonBox[manual, BaseStyle -> Hyperlink, ButtonFunction :> SystemOpen[First[FileNames[{*.pdf, *.PDF}, FileNameJoin[{$FeynArtsDirectory, manual}]]]], Evaluator -> Automatic, Method -> Preemptive]] or visit DisplayForm[ButtonBox[www.feynarts.de., ButtonData :> {URL[http://www.feynarts.de/], None}, BaseStyle -> Hyperlink, ButtonNote -> www.feynarts.de/]]
If you use FeynArts in your research, please cite
 • T. Hahn, Comput. Phys. Commun., 140, 418-431, 2001, arXiv:hep-ph/0012260
FeynFacet 0.1
OK   L2 the built-in ladder is the documented one
OK   L1 "1,1;3,3" parses as that ladder
OK   L1 spaces around the separators are accepted
OK   L1 a single rung parses
OK   L1 every malformed value falls back to the default
     L1 parse of a malformed ladder: Short[{{1, 1}, {2, 2}, {3, 3}, {4, 4}}, 10]
OK   L2 Automatic reads FACET_MQ_DEGREE_LADDER
OK   L2 a malformed environment ladder falls back to the default
OK   L3 the high-numerator fixture is a confirmed obstruction at {0,0}
     L3 base image split (configured / fresh): Short[{2, 3}, 10]
OK   L3 the ladder adopts a rung on that fixture
OK   L3 the adopted rung is the LAST measured rung and the only consistent one
OK   L3 the ladder stops at the first passing rung
OK   L3 defect 0 is accepted only at two images
     L3 ladder walk: Short[{{{1, 1}, 9, 13, GaugeImageObstruction, {1, 1}, {12, 12}, 0.01}, {{2, 2}, 16, 20, GaugeImageConsistent, {0, 0}, {19, 19}, 0.02}}, 10]
     L3 ladder seconds: Short[0.04, 10]
OK   L4 a defect no offset can repair exhausts the ladder
OK   L4 the exhausted ladder carries a defect record for every rung
     L4 ladder defects: Short[{{{1, 1}, {1, 1}}, {{2, 2}, {1, 1}}, {{3, 3}, {1, 1}}}, 10]
     L4 ladder seconds: Short[0.16, 10]
OK   L5 an expired deadline stops the ladder before any rung
OK   L5 a deadline that expires mid-ladder is the same typed stop
OK   L5 a malformed deadline is a typed refusal
OK   L5 a malformed ladder is a typed refusal
     L5 mid-ladder stop: Short[<|Status -> BudgetExhausted, Stage -> GaugeScreenLadder, NextDegreeOffset -> {2, 2}, LadderDefects -> {{{1, 1}, {1, 1}}}|>, 10]
OK   L6 the driver fixture carries a nonzero residue on the dropped letter
OK   L6 the driver returns the typed obstruction carrying the ladder
OK   L6 DegreeOffsetLadder -> None restores the pre-ladder behaviour
     L6 driver seconds with / without the ladder: Short[{1.36, 0.96}, 10]
     L6 driver ladder defects: Short[{{{1, 1}, {1, 1}}, {{2, 2}, {1, 1}}}, 10]
OK   L6 a consistent screen leaves the solve on its default path
     L6 default-path seconds: Short[2.69, 10]
OK   the CF300 (12,9) fixture is frozen in the repository
OK   L7 the CF300 (12,9) ansatz is the measured one
OK   L7 the ladder adopts DegreeOffset {3,3} on the real descriptor
OK   L7 the walk is {1,1} -> {2,2} -> {3,3} and stops there
OK   L7 the adopted rung is consistent at TWO independent images
OK   L7 the adopted rung's rank equals its augmented rank at both images
     L7 MEASURED ladder walk: Short[{{{1, 1}, support, 121, unknowns, 2152, GaugeImageObstruction, defects, {1, 1}, ranks, {2048, 2048}, /, {2049, 2049}, nullities, {104, 104}, images, 2, 110.60000000000001, s}, {{2, 2}, support, 144, unknowns, 2520, GaugeImageObstruction, defects, {1, 1}, ranks, {2416, 2416}, /, {2417, 2417}, nullities, {104, 104}, images, 2, 142.6, s}, {{3, 3}, support, 169, unknowns, 2920, GaugeImageConsistent, defects, {0, 0}, ranks, {2816, 2816}, /, {2816, 2816}, nullities, {104, 104}, images, 2, 188.5, s}}, 10]
     L7 MEASURED ladder seconds: Short[441.90000000000003, 10]
t_multiquadratic_gauge_ladder: 28 OK, 0 FAIL
