Loading FeynCalc from /home/maxzhang/factorization-and-loops/Addon/Mathematica_Addon/FeynCalc/
$PrePrint is set to FeynCalcForm. Use FI and FC to change the display format.
FeynCalc 10.2.1 (stable version). For help, use the DisplayForm[ButtonBox[online documentation,, ButtonData :> {URL[https://feyncalc.github.io/referenceDev], None}, BaseStyle -> Hyperlink, ButtonNote -> https://feyncalc.github.io/referenceDev]] visit the DisplayForm[ButtonBox[forum, ButtonData :> {URL[https://github.com/FeynCalc/feyncalc/discussions], None}, BaseStyle -> Hyperlink, ButtonNote -> https://github.com/FeynCalc/feyncalc/discussions/]] and have a look at the supplied DisplayForm[ButtonBox[examples., BaseStyle -> Hyperlink, ButtonFunction :> SystemOpen[FileNameJoin[{$FeynCalcDirectory, Examples}]], Evaluator -> Automatic, Method -> Preemptive]] The PDF-version of the manual can be downloaded DisplayForm[ButtonBox[here., ButtonData :> {URL[https://github.com/FeynCalc/feyncalc-manual/releases/download/dev-manual/FeynCalcManual.pdf], None}, BaseStyle -> Hyperlink, ButtonNote -> https://github.com/FeynCalc/feyncalc-manual/releases/download/dev-manual/FeynCalcManual.pdf]]
If you use FeynCalc in your research, please evaluate FeynCalcHowToCite[] to learn how to cite this software.
Please keep in mind that the proper academic attribution of our work is crucial to ensure the future development of this package!
FeynCalcLegacy 1.0.0
FeynCalcLegacy contains legacy functions and symbols that were removed in FeynCalc 10.2.1
FeynHelpers 2.0.0 (). For help, use the DisplayForm[ButtonBox[online documentation,, ButtonData :> {URL[https://feyncalc.github.io/referenceFeynHelpersDev], None}, BaseStyle -> Hyperlink, ButtonNote -> https://feyncalc.github.io/referenceFeynHelpersDev]] visit the DisplayForm[ButtonBox[forum, ButtonData :> {URL[https://github.com/FeynCalc/feyncalc/discussions], None}, BaseStyle -> Hyperlink, ButtonNote -> https://github.com/FeynCalc/feyncalc/discussions/]] and have a look at the supplied DisplayForm[ButtonBox[examples., BaseStyle -> Hyperlink, ButtonFunction :> SystemOpen[FileNameJoin[{$FeynHelpersDirectory, Examples}]], Evaluator -> Automatic, Method -> Preemptive]] The PDF-version of the manual can be downloaded DisplayForm[ButtonBox[here., ButtonData :> {URL[https://github.com/FeynCalc/feynhelpers-manual/releases/download/dev-manual/FeynHelpersManual.pdf], None}, BaseStyle -> Hyperlink, ButtonNote -> https://github.com/FeynCalc/feynhelpers-manual/releases/download/dev-manual/FeynHelpersManual.pdf]]
 If you use FeynHelpers in your research, please evaluate FeynHelpersHowToCite[] to learn how to cite this work.
Loading FeynArts from /home/maxzhang/factorization-and-loops/Addon/Mathematica_Addon/FeynArts
FeynArts 3.12 (27 Mar 2025) patched for use with FeynCalc, for documentation see the DisplayForm[ButtonBox[manual, BaseStyle -> Hyperlink, ButtonFunction :> SystemOpen[First[FileNames[{*.pdf, *.PDF}, FileNameJoin[{$FeynArtsDirectory, manual}]]]], Evaluator -> Automatic, Method -> Preemptive]] or visit DisplayForm[ButtonBox[www.feynarts.de., ButtonData :> {URL[http://www.feynarts.de/], None}, BaseStyle -> Hyperlink, ButtonNote -> www.feynarts.de/]]
If you use FeynArts in your research, please cite
 • T. Hahn, Comput. Phys. Commun., 140, 418-431, 2001, arXiv:hep-ph/0012260
FeynFacet 0.1
     forcing: Short[{{{(1 + re - 2*re^2 + re^3 + rx + 10*re*rx + 17*re^2*rx + 2*re^3*rx - 3*re*rx^2 - 5*re^2*rx^2 + re^3*rx^2 - ry + 5*re*ry + 14*re^2*ry - 2*rx*ry - 11*re*rx*ry - 13*re^2*rx*ry - 2*ry^2 - 8*re*ry^2 - 8*re^2*ry^2 - re^3*ry^2)/((1 + re)*(1 + 2*re)*(-1 + rx + ry)^2*(1 + rx + ry))}}, {{(-1 - 4*re - 5*re^2 - re^3 + rx + 10*re*rx + 17*re^2*rx + 2*re^3*rx + 2*rx^2 + 2*re*rx^2 - 2*re^2*rx^2 + 3*re^3*rx^2 - ry + 5*re*ry + 14*re^2*ry + 2*rx*ry - re*rx*ry - 7*re^2*rx*ry + 4*re^3*rx*ry - 3*re*ry^2 - 5*re^2*ry^2 + re^3*ry^2)/((1 + re)*(1 + 2*re)*(-1 + rx + ry)^2*(1 + rx + ry))}}}, 8]
OK   the ansatz is prepared as pinned
     ansatz: Short[<|UnknownCount -> 7, GaugeUnknownCount -> 3, ResidueUnknownCount -> 4, GaugeSupport -> {{0, 0}, {0, 1}, {1, 0}}, GaugeDenominator -> 1 - rx - ry|>, 8]
     known vector in the engine's column order: Short[{(1 + re)^(-1) + re/(1 + re), -2/(1 + re), re/(1 + re) + re^2/(1 + re), 0, 0, re/(1 + 2*re), -3/(1 + re)}, 8]
OK   the known vector unpacks to the known gauge and residues
OK   and it satisfies the differential equation at generic eps
OK   the homogeneous direction is a genuine nullspace element
OK   the ansatz compiles
     R1 reconstruction: Short[<|Status -> ReconstructedRegulatorDependenceV1, Method -> CanonicalAffineSectionRationalInRegulator, SamplePrimes -> {2147483423, 2147483399}, UnseenPrime -> 2147483323, RegulatorValues -> {1, 2, 3, 5, 7, 11, 13, 17, 19}, NormalizationColumns -> {3}, DegreeHistogram -> <|{1, 0} -> 1, {2, 1} -> 1, {-Infinity, 0} -> 3, {1, 1} -> 1, {0, 1} -> 1|>, MaximumRegulatorDegree -> 2, ResiduesKinematicsFree -> True, ResiduesRegulatorFree -> False|>, 8]
     R1 seconds / phases: Short[{1.74, <|Sampling -> 1.5797210000000002, Interpolation -> 0.004543, Lift -> 0.001492, ExactVerification -> 0.022568|>}, 8]
OK   R1 the reconstruction succeeds
     R2 reconstructed gauge: Short[{{(-1 - 2*re - re^2 + 2*ry + re*ry + re^2*ry)/((1 + re)*(-1 + rx + ry))}}, 8]
     R2 known solution projected onto the same section: Short[{1 + re, (-2 - re - re^2)/(1 + re), 0, 0, 0, re/(1 + 2*re), -3/(1 + re)}, 8]
OK   R2 the affine family is one-dimensional and the section pins one coordinate
OK   R2 the reconstructed VECTOR is the known solution projected onto the same canonical section, coordinate by coordinate
OK   R2 and the reconstructed GAUGE therefore differs from the known one only by a homogeneous (kinematics-constant) direction
OK   R3 the reconstructed residues equal the known K_a(eps) exactly
OK   R3 and they are free of the kinematic variables
     R3 reconstructed residues: Short[{0, 0, re/(1 + 2*re), -3/(1 + re)}, 8]
OK   R4 the residues genuinely DEPEND on the regulator
OK   R5 the reconstructed GENERIC object satisfies the differential equation exactly
OK   R6 the record carries the section and both coefficient checks
     R6 held-out validation: Short[<|2147483423 -> <|SampleCount -> 7, ConstructionCount -> 4, ValidationCount -> 3, CertificationMode -> HeldOut, DeterministicShortfallCoordinates -> {}|>, 2147483399 -> <|SampleCount -> 7, ConstructionCount -> 4, ValidationCount -> 3, CertificationMode -> HeldOut, DeterministicShortfallCoordinates -> {}|>|>, 8]
OK   R7 one epsilon fiber's residues are NOT the generic residues
OK   R7 and installing that fiber as the generic gauge FAILS the exact generic residual
OK   R7 while it is of course correct AT its own fiber
     R7 one-fiber vector at eps = 1: Short[{2, -2, 0, 0, 0, 1/3, -3/2}, 8]
OK   R8 at least one coordinate has positive regulator degree
     R8 degree histogram: Short[<|{1, 0} -> 1, {2, 1} -> 1, {-Infinity, 0} -> 3, {1, 1} -> 1, {0, 1} -> 1|>, 8]
t_multiquadratic_regulator_reconstruction: 18 OK, 0 FAIL
