Loading FeynCalc from /home/maxzhang/factorization-and-loops/Addon/Mathematica_Addon/FeynCalc/
$PrePrint is set to FeynCalcForm. Use FI and FC to change the display format.
FeynCalc 10.2.1 (stable version). For help, use the DisplayForm[ButtonBox[online documentation,, ButtonData :> {URL[https://feyncalc.github.io/referenceDev], None}, BaseStyle -> Hyperlink, ButtonNote -> https://feyncalc.github.io/referenceDev]] visit the DisplayForm[ButtonBox[forum, ButtonData :> {URL[https://github.com/FeynCalc/feyncalc/discussions], None}, BaseStyle -> Hyperlink, ButtonNote -> https://github.com/FeynCalc/feyncalc/discussions/]] and have a look at the supplied DisplayForm[ButtonBox[examples., BaseStyle -> Hyperlink, ButtonFunction :> SystemOpen[FileNameJoin[{$FeynCalcDirectory, Examples}]], Evaluator -> Automatic, Method -> Preemptive]] The PDF-version of the manual can be downloaded DisplayForm[ButtonBox[here., ButtonData :> {URL[https://github.com/FeynCalc/feyncalc-manual/releases/download/dev-manual/FeynCalcManual.pdf], None}, BaseStyle -> Hyperlink, ButtonNote -> https://github.com/FeynCalc/feyncalc-manual/releases/download/dev-manual/FeynCalcManual.pdf]]
If you use FeynCalc in your research, please evaluate FeynCalcHowToCite[] to learn how to cite this software.
Please keep in mind that the proper academic attribution of our work is crucial to ensure the future development of this package!
FeynCalcLegacy 1.0.0
FeynCalcLegacy contains legacy functions and symbols that were removed in FeynCalc 10.2.1
FeynHelpers 2.0.0 (). For help, use the DisplayForm[ButtonBox[online documentation,, ButtonData :> {URL[https://feyncalc.github.io/referenceFeynHelpersDev], None}, BaseStyle -> Hyperlink, ButtonNote -> https://feyncalc.github.io/referenceFeynHelpersDev]] visit the DisplayForm[ButtonBox[forum, ButtonData :> {URL[https://github.com/FeynCalc/feyncalc/discussions], None}, BaseStyle -> Hyperlink, ButtonNote -> https://github.com/FeynCalc/feyncalc/discussions/]] and have a look at the supplied DisplayForm[ButtonBox[examples., BaseStyle -> Hyperlink, ButtonFunction :> SystemOpen[FileNameJoin[{$FeynHelpersDirectory, Examples}]], Evaluator -> Automatic, Method -> Preemptive]] The PDF-version of the manual can be downloaded DisplayForm[ButtonBox[here., ButtonData :> {URL[https://github.com/FeynCalc/feynhelpers-manual/releases/download/dev-manual/FeynHelpersManual.pdf], None}, BaseStyle -> Hyperlink, ButtonNote -> https://github.com/FeynCalc/feynhelpers-manual/releases/download/dev-manual/FeynHelpersManual.pdf]]
 If you use FeynHelpers in your research, please evaluate FeynHelpersHowToCite[] to learn how to cite this work.
Loading FeynArts from /home/maxzhang/factorization-and-loops/Addon/Mathematica_Addon/FeynArts
FeynArts 3.12 (27 Mar 2025) patched for use with FeynCalc, for documentation see the DisplayForm[ButtonBox[manual, BaseStyle -> Hyperlink, ButtonFunction :> SystemOpen[First[FileNames[{*.pdf, *.PDF}, FileNameJoin[{$FeynArtsDirectory, manual}]]]], Evaluator -> Automatic, Method -> Preemptive]] or visit DisplayForm[ButtonBox[www.feynarts.de., ButtonData :> {URL[http://www.feynarts.de/], None}, BaseStyle -> Hyperlink, ButtonNote -> www.feynarts.de/]]
If you use FeynArts in your research, please cite
 • T. Hahn, Comput. Phys. Commun., 140, 418-431, 2001, arXiv:hep-ph/0012260
FeynFacet 0.1
2.97s | mode assembly; BBar {2, 2, 2} leaves 1133345; E leaves 87; C leaves 99; rank 2
2.99s | A0 channels read from the frozen fixture: {2, 2, 2, 4}
2.99s | A1 transportChartCurrentRoots: 0. s
3.65s | A2 multiquadraticStripRootCensus over the whole strip: 0.7000000000000001 s, root indices {2, 3}
3.65s | A3 multiquadraticStripRootOrder (denest + square-class match): 0. s, status StableRootOrder
176.84s | A4 candidate letters (EXCLUDED from the reference): 173.20000000000002 s, 52 one-forms
176.97s | A5 norm factor / rational denominator / merge: {0., 0.1, 0.} s, degrees {9, 9}
176.99s | A6 support (100 points) + normalizations: {0., 0.} s
178.18s | A7 sealed forcing-channel record (V2, WAVE-ADDED): 1.2000000000000002 s
178.18s | A8 final Together on the denominator pair: 0. s
217.4s | A9 PREPARE END TO END with channels+letters supplied (i.e. everything except the decomposition): 39.2 s, status PreparedMultiquadraticStripV1, unknowns 1808, support 100
217.4s | PHASE 3 buckets (excluding the alphabet): 2. s; end-to-end minus decomposition: 39.2 s
217.4s |   reference prepare 2710.9 s; decomposition 1400.5 s; so prepare-without-decomposition SHOULD be about 1310.4 s and A9 measured 39.2 s
217.41s | written /home/maxzhang/factorization-and-loops/ppHX_NNLO_DoubleReal/Results/UU_08_10_canonical/FamilyEpsFormsSolving/triple_root_2026-08-24_fable/CF300/PrepareCoreMeasurement_2026-08-25/cf300_attribute_assembly_result.wl
