Loading FeynCalc from /home/maxzhang/factorization-and-loops/Addon/Mathematica_Addon/FeynCalc/
$PrePrint is set to FeynCalcForm. Use FI and FC to change the display format.
FeynCalc 10.2.1 (stable version). For help, use the DisplayForm[ButtonBox[online documentation,, ButtonData :> {URL[https://feyncalc.github.io/referenceDev], None}, BaseStyle -> Hyperlink, ButtonNote -> https://feyncalc.github.io/referenceDev]] visit the DisplayForm[ButtonBox[forum, ButtonData :> {URL[https://github.com/FeynCalc/feyncalc/discussions], None}, BaseStyle -> Hyperlink, ButtonNote -> https://github.com/FeynCalc/feyncalc/discussions/]] and have a look at the supplied DisplayForm[ButtonBox[examples., BaseStyle -> Hyperlink, ButtonFunction :> SystemOpen[FileNameJoin[{$FeynCalcDirectory, Examples}]], Evaluator -> Automatic, Method -> Preemptive]] The PDF-version of the manual can be downloaded DisplayForm[ButtonBox[here., ButtonData :> {URL[https://github.com/FeynCalc/feyncalc-manual/releases/download/dev-manual/FeynCalcManual.pdf], None}, BaseStyle -> Hyperlink, ButtonNote -> https://github.com/FeynCalc/feyncalc-manual/releases/download/dev-manual/FeynCalcManual.pdf]]
If you use FeynCalc in your research, please evaluate FeynCalcHowToCite[] to learn how to cite this software.
Please keep in mind that the proper academic attribution of our work is crucial to ensure the future development of this package!
FeynCalcLegacy 1.0.0
FeynCalcLegacy contains legacy functions and symbols that were removed in FeynCalc 10.2.1
FeynHelpers 2.0.0 (). For help, use the DisplayForm[ButtonBox[online documentation,, ButtonData :> {URL[https://feyncalc.github.io/referenceFeynHelpersDev], None}, BaseStyle -> Hyperlink, ButtonNote -> https://feyncalc.github.io/referenceFeynHelpersDev]] visit the DisplayForm[ButtonBox[forum, ButtonData :> {URL[https://github.com/FeynCalc/feyncalc/discussions], None}, BaseStyle -> Hyperlink, ButtonNote -> https://github.com/FeynCalc/feyncalc/discussions/]] and have a look at the supplied DisplayForm[ButtonBox[examples., BaseStyle -> Hyperlink, ButtonFunction :> SystemOpen[FileNameJoin[{$FeynHelpersDirectory, Examples}]], Evaluator -> Automatic, Method -> Preemptive]] The PDF-version of the manual can be downloaded DisplayForm[ButtonBox[here., ButtonData :> {URL[https://github.com/FeynCalc/feynhelpers-manual/releases/download/dev-manual/FeynHelpersManual.pdf], None}, BaseStyle -> Hyperlink, ButtonNote -> https://github.com/FeynCalc/feynhelpers-manual/releases/download/dev-manual/FeynHelpersManual.pdf]]
 If you use FeynHelpers in your research, please evaluate FeynHelpersHowToCite[] to learn how to cite this work.
Loading FeynArts from /home/maxzhang/factorization-and-loops/Addon/Mathematica_Addon/FeynArts
FeynArts 3.12 (27 Mar 2025) patched for use with FeynCalc, for documentation see the DisplayForm[ButtonBox[manual, BaseStyle -> Hyperlink, ButtonFunction :> SystemOpen[First[FileNames[{*.pdf, *.PDF}, FileNameJoin[{$FeynArtsDirectory, manual}]]]], Evaluator -> Automatic, Method -> Preemptive]] or visit DisplayForm[ButtonBox[www.feynarts.de., ButtonData :> {URL[http://www.feynarts.de/], None}, BaseStyle -> Hyperlink, ButtonNote -> www.feynarts.de/]]
If you use FeynArts in your research, please cite
 • T. Hahn, Comput. Phys. Commun., 140, 418-431, 2001, arXiv:hep-ph/0012260
FeynFacet 0.1
3.22s | mode cf300; BBar {2, 2, 2} leaves 1133345; E leaves 87; C leaves 99; rank 2
1403.72s | 1 forcing channel decomposition (interned): 1400.5 s
1403.72s | 1b uninterned decomposition NOT measured on the real block (see the cheap gate)
1403.72s | 1c BBar entries 8, structurally distinct 8, root-free fast path 0, algebraic 8
2964.43s | 2 sealed compile core (E + C + BBar, decomposed AND compiled): 1560.7 s, ok True
2964.43s |   core BBar channels SameQ the independent decomposition: True
2964.53s | 3 rational gauge denominator from the channels: 0.1 s, degrees {4, 5}
2985.92s | 4 ABI canonical data (whole-strip InputForm + root texts): 21.400000000000002 s, equation text 3691398 chars
3170.42s | 5 candidate letters: 184.5 s, status MultiquadraticCandidateLettersV1, letters 52
3170.43s | 6 algebraic-letter norm denominator factor: 0. s
3170.43s | ATTRIBUTION: decomposition 1400.5 s + gauge denominator 0.1 s + ABI canonical 21.400000000000002 s + candidate letters 184.5 s + norm factor 0. s = 1606.5 s of the stages measured here
3170.43s | dominant stage: ForcingDecomposition
3170.45s | written /home/maxzhang/factorization-and-loops/ppHX_NNLO_DoubleReal/Results/UU_08_10_canonical/FamilyEpsFormsSolving/triple_root_2026-08-24_fable/CF300/PrepareCoreMeasurement_2026-08-25/cf300_attribute_cf300_result.wl
