Loading FeynCalc from /home/maxzhang/factorization-and-loops/Addon/Mathematica_Addon/FeynCalc/
$PrePrint is set to FeynCalcForm. Use FI and FC to change the display format.
FeynCalc 10.2.1 (stable version). For help, use the DisplayForm[ButtonBox[online documentation,, ButtonData :> {URL[https://feyncalc.github.io/referenceDev], None}, BaseStyle -> Hyperlink, ButtonNote -> https://feyncalc.github.io/referenceDev]] visit the DisplayForm[ButtonBox[forum, ButtonData :> {URL[https://github.com/FeynCalc/feyncalc/discussions], None}, BaseStyle -> Hyperlink, ButtonNote -> https://github.com/FeynCalc/feyncalc/discussions/]] and have a look at the supplied DisplayForm[ButtonBox[examples., BaseStyle -> Hyperlink, ButtonFunction :> SystemOpen[FileNameJoin[{$FeynCalcDirectory, Examples}]], Evaluator -> Automatic, Method -> Preemptive]] The PDF-version of the manual can be downloaded DisplayForm[ButtonBox[here., ButtonData :> {URL[https://github.com/FeynCalc/feyncalc-manual/releases/download/dev-manual/FeynCalcManual.pdf], None}, BaseStyle -> Hyperlink, ButtonNote -> https://github.com/FeynCalc/feyncalc-manual/releases/download/dev-manual/FeynCalcManual.pdf]]
If you use FeynCalc in your research, please evaluate FeynCalcHowToCite[] to learn how to cite this software.
Please keep in mind that the proper academic attribution of our work is crucial to ensure the future development of this package!
FeynCalcLegacy 1.0.0
FeynCalcLegacy contains legacy functions and symbols that were removed in FeynCalc 10.2.1
FeynHelpers 2.0.0 (). For help, use the DisplayForm[ButtonBox[online documentation,, ButtonData :> {URL[https://feyncalc.github.io/referenceFeynHelpersDev], None}, BaseStyle -> Hyperlink, ButtonNote -> https://feyncalc.github.io/referenceFeynHelpersDev]] visit the DisplayForm[ButtonBox[forum, ButtonData :> {URL[https://github.com/FeynCalc/feyncalc/discussions], None}, BaseStyle -> Hyperlink, ButtonNote -> https://github.com/FeynCalc/feyncalc/discussions/]] and have a look at the supplied DisplayForm[ButtonBox[examples., BaseStyle -> Hyperlink, ButtonFunction :> SystemOpen[FileNameJoin[{$FeynHelpersDirectory, Examples}]], Evaluator -> Automatic, Method -> Preemptive]] The PDF-version of the manual can be downloaded DisplayForm[ButtonBox[here., ButtonData :> {URL[https://github.com/FeynCalc/feynhelpers-manual/releases/download/dev-manual/FeynHelpersManual.pdf], None}, BaseStyle -> Hyperlink, ButtonNote -> https://github.com/FeynCalc/feynhelpers-manual/releases/download/dev-manual/FeynHelpersManual.pdf]]
 If you use FeynHelpers in your research, please evaluate FeynHelpersHowToCite[] to learn how to cite this work.
Loading FeynArts from /home/maxzhang/factorization-and-loops/Addon/Mathematica_Addon/FeynArts
FeynArts 3.12 (27 Mar 2025) patched for use with FeynCalc, for documentation see the DisplayForm[ButtonBox[manual, BaseStyle -> Hyperlink, ButtonFunction :> SystemOpen[First[FileNames[{*.pdf, *.PDF}, FileNameJoin[{$FeynArtsDirectory, manual}]]]], Evaluator -> Automatic, Method -> Preemptive]] or visit DisplayForm[ButtonBox[www.feynarts.de., ButtonData :> {URL[http://www.feynarts.de/], None}, BaseStyle -> Hyperlink, ButtonNote -> www.feynarts.de/]]
If you use FeynArts in your research, please cite
 • T. Hahn, Comput. Phys. Commun., 140, 418-431, 2001, arXiv:hep-ph/0012260
FeynFacet 0.1
OK   the task broker is inactive for the regression run
CANONICA 1.0.3
Author: Christoph Meyer
OK   the fixture solves with the broker inactive
OK   no key HEAD returned is lost
OK   the only added keys are the six broker-record keys
OK   every HEAD payload value is reproduced exactly
OK   the broker record of an inactive-broker solve is off and empty
OK   the per-prime wall times are measured for every computed prime
     inactive-broker solve seconds: Short[0.13, 6]
     per-prime measured seconds: Short[{0.04, 0.03, 0.01}, 6]
     pilot estimate for one prime: Short[0.02, 6]
OK   the gap fixture reproduces the HEAD mathematics of the block
OK   the gap fixture farms nothing at an unreachable minimum
OK   the fixture reproduces the estimator gap (pilot estimate below the measured prime)
     estimate vs measurement (s): Short[{0.0024000000000000002, 0.2896}, 6]
     ratio measured/estimated: Short[121.5, 6]
     gap fixture seconds: Short[0.42, 6]
OK   the calibrated minimum lies strictly between the estimate and the measurement
     calibrated minimum (s): Short[0.145, 6]
OK   the task broker is active for the re-decision run
OK   no helper is offered, so no task can be queued
OK   the pilot of the re-decision run declined farming
OK   the measurement engaged farming after the first prime
     re-decision run: pilot estimate, minimum, first prime (s): Short[{0.0023, 0.1448, 0.2364}, 6]
OK   the re-decision names the first prime and its measured time
OK   the re-decision logs exactly one line, in the declared wording
OK   the farmed run is still exact and validated
OK   engaging the helpers changes no mathematics
OK   the remaining primes really went through the farming path
OK   no task was queued to any pool
     re-decision: Short[<|Prime -> 1000003, MeasuredSeconds -> 0.236357`5.825113462484623, EstimatedSeconds -> 0.0023179999999999997, MinimumSeconds -> 0.1447845`5.913297059827832, PrimesCompleted -> 1, FreeKernels -> 0, Engaged -> True|>, 6]
     re-decision run seconds: Short[0.54, 6]
     re-decision log line: Short[Broker re-decision after prime 1000003: measured 0.24 s per prime -> engaging helpers, 6]
OK   a 0.001 s minimum farms and still returns the exact payload
     0.001 s minimum: engaged at the pilot (no re-decision needed): Short[True, 6]
     0.001 s minimum seconds: Short[0.19, 6]
OK   at the default minimum the decision follows the measured prime
     active broker, default minimum: seconds, first prime, re-decision: Short[{0.2, 0.03, None}, 6]
OK   an expired deadline still returns the typed budget stop with the broker active
OK   the budget stop reports the broker state it stopped in
OK   a mid-solve deadline stops the farmed solve at a loop boundary
     mid-solve budget stop: Short[<|Stage -> PrimeLoop, Prime -> 1000003, PrimesCompleted -> 0, BrokerActive -> True, BrokerReDecision -> None|>, 6]
OK   the per-prime artifact layout is one file per prime, unchanged
OK   the resumed solve returns the same payload
OK   a resumed prime is not timed and cannot trigger a re-decision
     first pass / resume seconds: Short[{0.22, 0.12}, 6]
     artifacts: Short[{finite_field_strip_mod_1000003.wl, finite_field_strip_mod_1000033.wl, finite_field_strip_mod_1000037.wl}, 6]
OK   the option default is the built-in 8.0 when the variable is unset
OK   well-formed values parse
OK   malformed values fall back to the option default
OK   the variable is read once per kernel session
OK   a malformed variable resolves to the built-in default
OK   the variable moves the option default
OK   an explicit option outranks the variable
OK   a malformed variable leaves the built-in default in the options
OK   the reloaded solver still solves the fixture exactly
t_broker_adaptive: 38 OK, 0 FAIL
