Loading FeynCalc from /home/maxzhang/factorization-and-loops/Addon/Mathematica_Addon/FeynCalc/
$PrePrint is set to FeynCalcForm. Use FI and FC to change the display format.
FeynCalc 10.2.1 (stable version). For help, use the DisplayForm[ButtonBox[online documentation,, ButtonData :> {URL[https://feyncalc.github.io/referenceDev], None}, BaseStyle -> Hyperlink, ButtonNote -> https://feyncalc.github.io/referenceDev]] visit the DisplayForm[ButtonBox[forum, ButtonData :> {URL[https://github.com/FeynCalc/feyncalc/discussions], None}, BaseStyle -> Hyperlink, ButtonNote -> https://github.com/FeynCalc/feyncalc/discussions/]] and have a look at the supplied DisplayForm[ButtonBox[examples., BaseStyle -> Hyperlink, ButtonFunction :> SystemOpen[FileNameJoin[{$FeynCalcDirectory, Examples}]], Evaluator -> Automatic, Method -> Preemptive]] The PDF-version of the manual can be downloaded DisplayForm[ButtonBox[here., ButtonData :> {URL[https://github.com/FeynCalc/feyncalc-manual/releases/download/dev-manual/FeynCalcManual.pdf], None}, BaseStyle -> Hyperlink, ButtonNote -> https://github.com/FeynCalc/feyncalc-manual/releases/download/dev-manual/FeynCalcManual.pdf]]
If you use FeynCalc in your research, please evaluate FeynCalcHowToCite[] to learn how to cite this software.
Please keep in mind that the proper academic attribution of our work is crucial to ensure the future development of this package!
FeynCalcLegacy 1.0.0
FeynCalcLegacy contains legacy functions and symbols that were removed in FeynCalc 10.2.1
FeynHelpers 2.0.0 (). For help, use the DisplayForm[ButtonBox[online documentation,, ButtonData :> {URL[https://feyncalc.github.io/referenceFeynHelpersDev], None}, BaseStyle -> Hyperlink, ButtonNote -> https://feyncalc.github.io/referenceFeynHelpersDev]] visit the DisplayForm[ButtonBox[forum, ButtonData :> {URL[https://github.com/FeynCalc/feyncalc/discussions], None}, BaseStyle -> Hyperlink, ButtonNote -> https://github.com/FeynCalc/feyncalc/discussions/]] and have a look at the supplied DisplayForm[ButtonBox[examples., BaseStyle -> Hyperlink, ButtonFunction :> SystemOpen[FileNameJoin[{$FeynHelpersDirectory, Examples}]], Evaluator -> Automatic, Method -> Preemptive]] The PDF-version of the manual can be downloaded DisplayForm[ButtonBox[here., ButtonData :> {URL[https://github.com/FeynCalc/feynhelpers-manual/releases/download/dev-manual/FeynHelpersManual.pdf], None}, BaseStyle -> Hyperlink, ButtonNote -> https://github.com/FeynCalc/feynhelpers-manual/releases/download/dev-manual/FeynHelpersManual.pdf]]
 If you use FeynHelpers in your research, please evaluate FeynHelpersHowToCite[] to learn how to cite this work.
Loading FeynArts from /home/maxzhang/factorization-and-loops/Addon/Mathematica_Addon/FeynArts
FeynArts 3.12 (27 Mar 2025) patched for use with FeynCalc, for documentation see the DisplayForm[ButtonBox[manual, BaseStyle -> Hyperlink, ButtonFunction :> SystemOpen[First[FileNames[{*.pdf, *.PDF}, FileNameJoin[{$FeynArtsDirectory, manual}]]]], Evaluator -> Automatic, Method -> Preemptive]] or visit DisplayForm[ButtonBox[www.feynarts.de., ButtonData :> {URL[http://www.feynarts.de/], None}, BaseStyle -> Hyperlink, ButtonNote -> www.feynarts.de/]]
If you use FeynArts in your research, please cite
 • T. Hahn, Comput. Phys. Commun., 140, 418-431, 2001, arXiv:hep-ph/0012260
FeynFacet 0.1
PASS  A1 TransportFamilyInChart is exported with a usage message
PASS  P1 the 97 chart resolves and det d(v,w)/d(x,y) is EXACTLY x - y
PASS  P2 the chart's rationalization is exact: RootSquare pulled back through Subst equals Root^2
PASS  P3 a non-rational chart substitution is refused by name (ChartNotRational)
PASS  P4 a chart with a degenerate Jacobian is refused by name (ChartJacobianDegenerate)
PASS  P5 the pullback is the chain rule entry by entry and its flatness is certified exactly (eps R1/v, eps R2/w -> eps R1/x - eps R2/(1-x) in x)
PASS  P6 a system that is not flat is refused by name (SourceSystemNotFlat)
PASS  P7 a class form whose stored EpsForm disagrees with the re-derivation from the block system is REJECTED (ClassFormStoredEpsFormMismatch)
PASS  P7b the same class form with its TRUE stored EpsForm is accepted and re-derived from the block system
[t] P8 class-6 representative in the chart: OK permutation {1, 2}
[t] P8 class-6 permuted member in the chart: OK permutation {2, 1}
PASS  P8a the class-6 representative pulls back to the chart with the identity permutation (control)
PASS  P8b a member differing by a basis PERMUTATION is recovered in the chart, with both exact gates, and its transformation is the representative's with the two basis elements exchanged

******************** Libra v1.2 ********************
Libra (⚖) is a package for the manipulation with differential systems.
Written by Roman N. Lee, Budker Institute of Nuclear Physics.
Read from: /home/maxzhang/factorization-and-loops/Addon/Mathematica_Addon/Libra/Source/Libra.m (CRC32: 3397418289)
[Pexp]
[Pexp.]
[Pexp]
[Pexp.]
[t] P9 chart PathDirection Automatic -> OK  base  1
{-, y}
 2  candidates   1          1
{{-, y}, {x, -}}
  2          2  notes direction First
PASS  P9a with "PathDirection" -> Automatic BOTH chart axis directions are offered as candidates, the chosen one is recorded under "Path" and named in "ChartNotes"
PASS  P9b the direction machinery does not change the answer: the Automatic run and the explicit "First" run reach the same status and both check exactly against the ORIGINAL differential equation

Global`D::shdw: Symbol D appears in multiple contexts {Global`, System`}; definitions in context Global` may shadow or be shadowed by other definitions.
[t] T1 (i) NLO in (v,w)
[Pexp]
[Pexp.]
[Pexp..]
[Pexp...]
[Pexp....]
[t] T1 (i) status OK  weight 4  4.5 s
[t] T1 (ii) NLO in the 97 chart
[Pexp]
[Pexp.]
[Pexp..]
[Pexp...]
[Pexp....]
[t] T1 (ii) status OK  weight 4  6.3 s
PASS  T1a the pulled-back NLO system is flat in the chart -- exact
PASS  T1b all seven block forms are re-derived from the pulled-back block system and are epsilon-forms -- exact
PASS  T1c both runs reach status OK and carry the five-part conjugation certificate
[t] T1f measuring the generic-path boundary (strict gate)
PASS  T1d the two conjugated connections agree EXACTLY by the chain rule, on the same block permutation
PASS  T1e both runs satisfy their ORIGINAL family differential equation as exact symbolic zeros at every checkable order
[t] T1f generic-path status PathDenominatorsNotLinear  0.2 s
[t] T1 wall times: (v,w) 4.5 s, chart 6.3 s, generic-path probe 0.2 s
PASS  T1f the axis-aligned default is MEASURED: under the STRICT gate (AlgebraicLetters -> False) a generic straight segment in (x,y) makes a pulled-back letter quadratic in the path parameter and is refused with PathDenominatorsNotLinear
PASS  T1f' the same generic segment is ADMISSIBLE with algebraic letters (every quadratic path denominator has an eps-free discriminant)
PASS  T1g the chart is recorded with its Jacobian determinant, and no physics bookkeeping is done in the engine
[t] class-97 record source: /home/maxzhang/factorization-and-loops/ppHX_NNLO_DoubleReal/Results/UU_08_10_canonical/ClassForms/class97.wl
[t] class-77 record source: /home/maxzhang/factorization-and-loops/ppHX_NNLO_DoubleReal/Results/UU_08_10_canonical/ClassForms/class77.wl
PASS  T2a the class-97 record is in the target chart and its stored substitution matches it EXACTLY
[t] CF258: 24 masters, 12 blocks, classes {1, 2, 2, 56, 64, 64, 95, 8, 96, 49, 77, 97}
[t] T2b CF258 system pullback: OK  29.2 s
PASS  T2b CF258's connection pulls back to the chart with an exact flatness certificate in both frames
[t]   T2c block rows {3} class 1 -> OK frame Rational  0.0 s
[t]   T2c block rows {4} class 2 -> OK frame Rational  0.0 s
[t]   T2c block rows {5} class 2 -> OK frame Rational  0.0 s
[t]   T2c block rows {22} class 56 -> OK frame Rational  0.0 s
[t]   T2c block rows {23} class 64 -> OK frame Rational  0.0 s
[t]   T2c block rows {24} class 64 -> OK frame Rational  0.0 s
[t]   T2c block rows {1, 2} class 95 -> OK frame SingleConicChart  0.1 s
[t]   T2c block rows {10, 11} class 8 -> OK frame Rational  0.0 s
[t]   T2c block rows {16, 17} class 96 -> OK frame Rational  0.0 s
[t]   T2c block rows {6, 7, 8, 9} class 49 -> OK frame SingleConicChart  0.0 s
[t]   T2c block rows {12, 13, 14, 15} class 77 -> OK frame TargetChart  3.9 s
[t]   T2c block rows {18, 19, 20, 21} class 97 -> OK frame TargetChart  1.4 s
[t] T2c swapped blocks: {{5}, {24}}
[t] T2d transporting the class-97 block (rows {18, 19, 20, 21}) in the chart
PASS  T2c every one of CF258's 12 block forms pulls back and re-verifies as an epsilon-form in the chart -- exact, including the two single-conic-chart classes
PASS  T2c'' the v<->w class-equivalence swap is exercised, RESOLVED by the exact re-derivation rather than assumed, and its members re-verify as epsilon-forms in the chart
PASS  T2c' the single-conic-chart classes are composed with the chart by a LINEAR solve of their own Root, confirmed by the exact chart identity -- no square root is introduced
[Pexp]
[Pexp.]
[Pexp..]
[t] T2d status OK  weight 2  96.2 s
[t] T2f probing the plain (v,w) path with the class-97 record
transport family=CF258_B97 status=OK n=4 backend=Libra weight=2 seconds=94.58
  certificate triangular=True flatA=True diagonal=True epslinear=True flatAp=True
  regrading shift=0 complete=True lowestAtTopWeight=2
  valuation status=OK orders={-1} equations=11 assertion=True
  checkable orders={0, 1} of {0, 1} depth=0 rule=n <= n1 - |rmin|
  DE order eps^0 zero={True}
  DE order eps^1 zero={True}
  block 1 rows={1, 2, 3, 4} provider=explicit type=EpsForm
PASS  T2d the class-97 block transports in the chart with the five-part certificate and an exact per-order check against its ORIGINAL differential equation
[t] T2f status AssemblyFailed  reason {{{1, 2, 3, 4}, ClassFormTwoVariableChartNeedsChartTransport}}
PASS  T2f a two-variable chart record is REFUSED by the plain (v,w) path with ClassFormTwoVariableChartNeedsChartTransport, never used in the wrong frame
[t] CF230: 13 masters, 6 blocks, classes {1, 2, 2, 8, 77, 49}
[t] T3d transporting the class-77 block (rows {1, 2, 3, 4}) in the chart
[Pexp]
[Pexp.]
[Pexp..]
[t] T3d status OK  weight 2  589.4 s
[t] T2e/T3e SKIPPED (whole-family transport); set FT_CHART_HEAVY=1 to run them
PASS  T3d the class-77 block transports in the chart with the five-part certificate and an exact per-order check against its ORIGINAL differential equation
------------------------------------------------
29 assertions, 0 failed
