Loading FeynCalc from /home/maxzhang/factorization-and-loops/Addon/Mathematica_Addon/FeynCalc/
$PrePrint is set to FeynCalcForm. Use FI and FC to change the display format.
FeynCalc 10.2.1 (stable version). For help, use the DisplayForm[ButtonBox[online documentation,, ButtonData :> {URL[https://feyncalc.github.io/referenceDev], None}, BaseStyle -> Hyperlink, ButtonNote -> https://feyncalc.github.io/referenceDev]] visit the DisplayForm[ButtonBox[forum, ButtonData :> {URL[https://github.com/FeynCalc/feyncalc/discussions], None}, BaseStyle -> Hyperlink, ButtonNote -> https://github.com/FeynCalc/feyncalc/discussions/]] and have a look at the supplied DisplayForm[ButtonBox[examples., BaseStyle -> Hyperlink, ButtonFunction :> SystemOpen[FileNameJoin[{$FeynCalcDirectory, Examples}]], Evaluator -> Automatic, Method -> Preemptive]] The PDF-version of the manual can be downloaded DisplayForm[ButtonBox[here., ButtonData :> {URL[https://github.com/FeynCalc/feyncalc-manual/releases/download/dev-manual/FeynCalcManual.pdf], None}, BaseStyle -> Hyperlink, ButtonNote -> https://github.com/FeynCalc/feyncalc-manual/releases/download/dev-manual/FeynCalcManual.pdf]]
If you use FeynCalc in your research, please evaluate FeynCalcHowToCite[] to learn how to cite this software.
Please keep in mind that the proper academic attribution of our work is crucial to ensure the future development of this package!
FeynCalcLegacy 1.0.0
FeynCalcLegacy contains legacy functions and symbols that were removed in FeynCalc 10.2.1
FeynHelpers 2.0.0 (). For help, use the DisplayForm[ButtonBox[online documentation,, ButtonData :> {URL[https://feyncalc.github.io/referenceFeynHelpersDev], None}, BaseStyle -> Hyperlink, ButtonNote -> https://feyncalc.github.io/referenceFeynHelpersDev]] visit the DisplayForm[ButtonBox[forum, ButtonData :> {URL[https://github.com/FeynCalc/feyncalc/discussions], None}, BaseStyle -> Hyperlink, ButtonNote -> https://github.com/FeynCalc/feyncalc/discussions/]] and have a look at the supplied DisplayForm[ButtonBox[examples., BaseStyle -> Hyperlink, ButtonFunction :> SystemOpen[FileNameJoin[{$FeynHelpersDirectory, Examples}]], Evaluator -> Automatic, Method -> Preemptive]] The PDF-version of the manual can be downloaded DisplayForm[ButtonBox[here., ButtonData :> {URL[https://github.com/FeynCalc/feynhelpers-manual/releases/download/dev-manual/FeynHelpersManual.pdf], None}, BaseStyle -> Hyperlink, ButtonNote -> https://github.com/FeynCalc/feynhelpers-manual/releases/download/dev-manual/FeynHelpersManual.pdf]]
 If you use FeynHelpers in your research, please evaluate FeynHelpersHowToCite[] to learn how to cite this work.
Loading FeynArts from /home/maxzhang/factorization-and-loops/Addon/Mathematica_Addon/FeynArts
FeynArts 3.12 (27 Mar 2025) patched for use with FeynCalc, for documentation see the DisplayForm[ButtonBox[manual, BaseStyle -> Hyperlink, ButtonFunction :> SystemOpen[First[FileNames[{*.pdf, *.PDF}, FileNameJoin[{$FeynArtsDirectory, manual}]]]], Evaluator -> Automatic, Method -> Preemptive]] or visit DisplayForm[ButtonBox[www.feynarts.de., ButtonData :> {URL[http://www.feynarts.de/], None}, BaseStyle -> Hyperlink, ButtonNote -> www.feynarts.de/]]
If you use FeynArts in your research, please cite
 • T. Hahn, Comput. Phys. Commun., 140, 418-431, 2001, arXiv:hep-ph/0012260
FeynFacet 0.1
OK   the three-root multiquadratic frame is exact
CANONICA 1.0.3
Author: Christoph Meyer
[strip-in-frame] accepted in chart Kallen1: gauge pull-back 0. s, source-frame identity 0. s
OK   the fixture solves without the option (the existing suite's expectation)
OK   Deadline -> Infinity reproduces the fixture byte-identically
OK   Deadline -> Infinity adds no key to the success payload
OK   the fixture result is byte-identical to the HEAD a475092 record
     fixture SHA256 (current / recorded HEAD): Short[{1067c0d02e05c54806ce5883925cb9a9e1fc3fcfb0c4fc553ed0a240e7d6aeb2, 1067c0d02e05c54806ce5883925cb9a9e1fc3fcfb0c4fc553ed0a240e7d6aeb2}, 6]
     fixture baseline / Deadline -> Infinity seconds: Short[{0.03, 0.02}, 6]
OK   a malformed deadline is a typed refusal, not a crash
OK   an expired deadline returns Status BudgetExhausted at the entry boundary
OK   the construction stop is typed, never $Aborted and never $Failed
OK   no solver is invoked when the deadline has already expired
OK   the entry stop carries the construction identifiers
OK   the entry stop returns in under 30 s of wall time
     entry stop: Short[<|Stage -> StripConstruction:Entry, Substage -> Entry, Elapsed -> 0.000553`3.194270124800669, ConstructionTimings -> <||>, Chart -> None, StripDimensions -> {1, 1}, InnerStatus -> Missing[NotSolved]|>, 6]
OK   a malformed frame outranks the budget stop and reaches no solver
OK   the fixture's roots classify to the frame's first root
     root classification seconds: Short[0., 6]
OK   the fixture's root set resolves to the Kallen1 chart
OK   a deadline reached during construction stops at a LATER boundary, not the entry gate
OK   the boundary that fires is the one after the slow bracketed call
OK   the bracketed call's measured wall time is recorded in the stop
OK   the late stop reaches no solver either
OK   the late stop identifies the chart it had selected
OK   the late stop returns promptly after its deadline
     late stop: Short[<|Stage -> StripConstruction:ChartPreparation, Substage -> ChartPreparation, Elapsed -> 4.001975`7.053819364803672, ConstructionTimings -> <|RootClassification -> 0.000267, ChartSelection -> 4.001114|>, Chart -> Kallen1|>, 6]
     late stop wall seconds: Short[4., 6]
OK   the counting stand-in does not disturb the successful fixture
     deadline reads in a successful in-frame construction: Short[11, 6]
OK   a deadline reached inside an acceptance zero test stops typed
OK   the acceptance stop names an acceptance substage, not the entry gate
OK   the LAST deadline read of a construction is inside a zero test, i.e. the test is preemptible per entry and not only per stage
     acceptance stop: Short[<|Stage -> StripConstruction:SourceFrameIdentity, Substage -> SourceFrameIdentity, ZeroTestSubstage -> source-frame zero test mu=2, Entry -> 1, Of -> 1, Elapsed -> 0.02328`4.818527969473824|>, 6]
     acceptance stop wall seconds: Short[0.02, 6]
OK   a rational strip reaches the solver and the solver gets the deadline
OK   an explicit FiniteFieldOptions deadline still wins over the inherited one
     deadlines handed to the solver: Short[{3.996670318528095`16.354273314365464*^9, 3.996679063529357`16.354274264631893*^9}, 6]
OK   the sector driver source is readable
OK   the driver has EXACTLY ONE StripBudgetExhausted stop record (no parallel path)
OK   the driver's stop record extracts as one expression
OK   the driver's construction-stage helpers extract as expressions
OK   the package construction stop becomes a StripBudgetExhausted state record
OK   the state record's Progress carries the construction evidence
OK   a later-boundary stop records its substage wall times in the state record
     driver state Stop record (entry): Short[<|Status -> StripBudgetExhausted, Strip -> {12, 9}, Stage -> StripConstruction:Entry, Elapsed -> 0.000553`3.194270124800669, SectorBudget -> 7200, Method -> StripConstructionInFrame, Resumable -> True, Progress -> <|Substage -> Entry, ConstructionTimings -> <||>, RootIndices -> Missing[NotClassified], RootSquares -> Missing[NotClassified], Chart -> None, StripDimensions -> {1, 1}, InnerStatus -> Missing[NotSolved]|>, StripCheckpointFile -> /nonexistent/CF300_12_strip_state.wl|>, 6]
OK   the driver's own construction stop has the solver stop's shape
OK   the driver's expiry predicate is a no-op at an unbounded deadline
OK   the driver's own construction stop becomes the same state record
OK   both driver strip-solve dispatches are guarded by the budget stop
OK   every driver SolveEpsFormStripInFrame call site carries the sector deadline
OK   the driver checks the construction deadline at every declared substage
OK   the construction stage is never TimeConstrained
t_construction_budget: 40 OK, 0 FAIL
