Loading FeynCalc from /home/maxzhang/factorization-and-loops/Addon/Mathematica_Addon/FeynCalc/
$PrePrint is set to FeynCalcForm. Use FI and FC to change the display format.
FeynCalc 10.2.1 (stable version). For help, use the DisplayForm[ButtonBox[online documentation,, ButtonData :> {URL[https://feyncalc.github.io/referenceDev], None}, BaseStyle -> Hyperlink, ButtonNote -> https://feyncalc.github.io/referenceDev]] visit the DisplayForm[ButtonBox[forum, ButtonData :> {URL[https://github.com/FeynCalc/feyncalc/discussions], None}, BaseStyle -> Hyperlink, ButtonNote -> https://github.com/FeynCalc/feyncalc/discussions/]] and have a look at the supplied DisplayForm[ButtonBox[examples., BaseStyle -> Hyperlink, ButtonFunction :> SystemOpen[FileNameJoin[{$FeynCalcDirectory, Examples}]], Evaluator -> Automatic, Method -> Preemptive]] The PDF-version of the manual can be downloaded DisplayForm[ButtonBox[here., ButtonData :> {URL[https://github.com/FeynCalc/feyncalc-manual/releases/download/dev-manual/FeynCalcManual.pdf], None}, BaseStyle -> Hyperlink, ButtonNote -> https://github.com/FeynCalc/feyncalc-manual/releases/download/dev-manual/FeynCalcManual.pdf]]
If you use FeynCalc in your research, please evaluate FeynCalcHowToCite[] to learn how to cite this software.
Please keep in mind that the proper academic attribution of our work is crucial to ensure the future development of this package!
FeynCalcLegacy 1.0.0
FeynCalcLegacy contains legacy functions and symbols that were removed in FeynCalc 10.2.1
FeynHelpers 2.0.0 (). For help, use the DisplayForm[ButtonBox[online documentation,, ButtonData :> {URL[https://feyncalc.github.io/referenceFeynHelpersDev], None}, BaseStyle -> Hyperlink, ButtonNote -> https://feyncalc.github.io/referenceFeynHelpersDev]] visit the DisplayForm[ButtonBox[forum, ButtonData :> {URL[https://github.com/FeynCalc/feyncalc/discussions], None}, BaseStyle -> Hyperlink, ButtonNote -> https://github.com/FeynCalc/feyncalc/discussions/]] and have a look at the supplied DisplayForm[ButtonBox[examples., BaseStyle -> Hyperlink, ButtonFunction :> SystemOpen[FileNameJoin[{$FeynHelpersDirectory, Examples}]], Evaluator -> Automatic, Method -> Preemptive]] The PDF-version of the manual can be downloaded DisplayForm[ButtonBox[here., ButtonData :> {URL[https://github.com/FeynCalc/feynhelpers-manual/releases/download/dev-manual/FeynHelpersManual.pdf], None}, BaseStyle -> Hyperlink, ButtonNote -> https://github.com/FeynCalc/feynhelpers-manual/releases/download/dev-manual/FeynHelpersManual.pdf]]
 If you use FeynHelpers in your research, please evaluate FeynHelpersHowToCite[] to learn how to cite this work.
Loading FeynArts from /home/maxzhang/factorization-and-loops/Addon/Mathematica_Addon/FeynArts
FeynArts 3.12 (27 Mar 2025) patched for use with FeynCalc, for documentation see the DisplayForm[ButtonBox[manual, BaseStyle -> Hyperlink, ButtonFunction :> SystemOpen[First[FileNames[{*.pdf, *.PDF}, FileNameJoin[{$FeynArtsDirectory, manual}]]]], Evaluator -> Automatic, Method -> Preemptive]] or visit DisplayForm[ButtonBox[www.feynarts.de., ButtonData :> {URL[http://www.feynarts.de/], None}, BaseStyle -> Hyperlink, ButtonNote -> www.feynarts.de/]]
If you use FeynArts in your research, please cite
 • T. Hahn, Comput. Phys. Commun., 140, 418-431, 2001, arXiv:hep-ph/0012260
FeynFacet 0.1
OK   the three-root test frame registers
OK   the registered frame is a multiquadratic identity frame
OK   the frame carries three declared roots
OK   A1 an exact zero over the declared field is True
OK   A1b a two-root exact zero is True
     MEASURED Together sees these zeros: Short[{True, True}, 8]
OK   A2 an honest inequality is False
OK   A2b a difference of two distinct roots is False
OK   A2c a rational multiple of a root is False
OK   A3 a rational-square multiple is the same generator
OK   A3b with the wrong factor it is False
OK   A4 the product of two declared roots reduces
OK   A5 a radical OUTSIDE the declared field is REFUSED typed, not rejected
OK   A6 a radical-free zero keeps the rational fast path
OK   A6b a radical-free nonzero is False
OK   the two-root subset of CF303 is the catalogued Kallen23 chart
OK   the chart data is well formed
OK   both declared roots become RATIONAL images in the chart
OK   the RAW inverse map carries a radical the declared field does not name
     canonicalization: Short[<|Status -> OK, Rewritten -> 1|>, 8]
OK   B1 the canonicalization succeeds
OK   B2 exactly ONE nested base is rewritten
OK   B3 only the two declared radicals survive

                                                                                      4889   Sqrt[76149237]     4889    Sqrt[76149237]
                                                                                      ---- - --------------   -(----) + --------------
                                                                                      8633        8633          8633         8633
N::meprec: Internal precision limit $MaxExtraPrecision = 50. reached while evaluating --------------------- + ------------------------.
                                                                                                2                        2

                                                                                                                                                                                                                                  114669683   12377 Sqrt[76149237]
                                                                                                                                                                                                                  Sqrt[201886426 (--------- + --------------------)]
                                                                                          99031599   4889 Sqrt[76149237]   12377 Sqrt[100943213]   Sqrt[7686748650278481]        99031599   4889 Sqrt[76149237]                   74528689          74528689
                                                                                      89 (-------- + ------------------- - --------------------- - ----------------------)   89 (-------- + ------------------- - --------------------------------------------------)
                                                                                          74528689        74528689               74528689                 74528689               74528689        74528689                                8633
N::meprec: Internal precision limit $MaxExtraPrecision = 50. reached while evaluating ------------------------------------------------------------------------------------ - ----------------------------------------------------------------------------------------.
                                                                                                                               46                                                                                       46

                                                                                      2191   Sqrt[13477853]     2191    Sqrt[13477853]
                                                                                      ---- - --------------   -(----) + --------------
                                                                                      3233        3233          3233         3233
N::meprec: Internal precision limit $MaxExtraPrecision = 50. reached while evaluating --------------------- + ------------------------.
                                                                                                2                        2

General::stop: Further output of N::meprec will be suppressed during this calculation.
OK   B4 the rewrite is value preserving (40-digit witness at two points)
OK   C1 the canonical map is accepted on exactly the all-plus branch
OK   C2 it is accepted for a 2x2 gauge as well
OK   C3 the RAW nested map is rejected at EVERY branch (the production failure of CF303 {17,12})
OK   C3b and it is refused TYPED as an undeclared radical, never silently answered False
OK   D1 a multiplicatively scaled map image is rejected
OK   D1b rejected by an honest zero test, with no refusal raised
OK   D2 an additively perturbed map image is rejected
OK   D2b rejected honestly
OK   D3 a scaled ROOT image is rejected
OK   D3b rejected honestly
OK   D4 SWAPPED root images are rejected
OK   D4b rejected honestly
OK   D5 a nonzero matrix over the field is not zero
OK   D5b a zero matrix over the field is zero
t_kallen23_coordinate_map: 36 OK, 0 FAIL
