Loading FeynCalc from /home/maxzhang/factorization-and-loops/Addon/Mathematica_Addon/FeynCalc/
$PrePrint is set to FeynCalcForm. Use FI and FC to change the display format.
FeynCalc 10.2.1 (stable version). For help, use the DisplayForm[ButtonBox[online documentation,, ButtonData :> {URL[https://feyncalc.github.io/referenceDev], None}, BaseStyle -> Hyperlink, ButtonNote -> https://feyncalc.github.io/referenceDev]] visit the DisplayForm[ButtonBox[forum, ButtonData :> {URL[https://github.com/FeynCalc/feyncalc/discussions], None}, BaseStyle -> Hyperlink, ButtonNote -> https://github.com/FeynCalc/feyncalc/discussions/]] and have a look at the supplied DisplayForm[ButtonBox[examples., BaseStyle -> Hyperlink, ButtonFunction :> SystemOpen[FileNameJoin[{$FeynCalcDirectory, Examples}]], Evaluator -> Automatic, Method -> Preemptive]] The PDF-version of the manual can be downloaded DisplayForm[ButtonBox[here., ButtonData :> {URL[https://github.com/FeynCalc/feyncalc-manual/releases/download/dev-manual/FeynCalcManual.pdf], None}, BaseStyle -> Hyperlink, ButtonNote -> https://github.com/FeynCalc/feyncalc-manual/releases/download/dev-manual/FeynCalcManual.pdf]]
If you use FeynCalc in your research, please evaluate FeynCalcHowToCite[] to learn how to cite this software.
Please keep in mind that the proper academic attribution of our work is crucial to ensure the future development of this package!
FeynCalcLegacy 1.0.0
FeynCalcLegacy contains legacy functions and symbols that were removed in FeynCalc 10.2.1
FeynHelpers 2.0.0 (). For help, use the DisplayForm[ButtonBox[online documentation,, ButtonData :> {URL[https://feyncalc.github.io/referenceFeynHelpersDev], None}, BaseStyle -> Hyperlink, ButtonNote -> https://feyncalc.github.io/referenceFeynHelpersDev]] visit the DisplayForm[ButtonBox[forum, ButtonData :> {URL[https://github.com/FeynCalc/feyncalc/discussions], None}, BaseStyle -> Hyperlink, ButtonNote -> https://github.com/FeynCalc/feyncalc/discussions/]] and have a look at the supplied DisplayForm[ButtonBox[examples., BaseStyle -> Hyperlink, ButtonFunction :> SystemOpen[FileNameJoin[{$FeynHelpersDirectory, Examples}]], Evaluator -> Automatic, Method -> Preemptive]] The PDF-version of the manual can be downloaded DisplayForm[ButtonBox[here., ButtonData :> {URL[https://github.com/FeynCalc/feynhelpers-manual/releases/download/dev-manual/FeynHelpersManual.pdf], None}, BaseStyle -> Hyperlink, ButtonNote -> https://github.com/FeynCalc/feynhelpers-manual/releases/download/dev-manual/FeynHelpersManual.pdf]]
 If you use FeynHelpers in your research, please evaluate FeynHelpersHowToCite[] to learn how to cite this work.
Loading FeynArts from /home/maxzhang/factorization-and-loops/Addon/Mathematica_Addon/FeynArts
FeynArts 3.12 (27 Mar 2025) patched for use with FeynCalc, for documentation see the DisplayForm[ButtonBox[manual, BaseStyle -> Hyperlink, ButtonFunction :> SystemOpen[First[FileNames[{*.pdf, *.PDF}, FileNameJoin[{$FeynArtsDirectory, manual}]]]], Evaluator -> Automatic, Method -> Preemptive]] or visit DisplayForm[ButtonBox[www.feynarts.de., ButtonData :> {URL[http://www.feynarts.de/], None}, BaseStyle -> Hyperlink, ButtonNote -> www.feynarts.de/]]
If you use FeynArts in your research, please cite
 • T. Hahn, Comput. Phys. Commun., 140, 418-431, 2001, arXiv:hep-ph/0012260
FeynFacet 0.1
OK   rank 0: product equals the composed product
OK   rank 0: product is commutative
OK   rank 0: product is associative
OK   rank 0: derivative equals the composed derivative
OK   rank 0: derivative satisfies Leibniz
OK   rank 0: character table is its own inverse
OK   rank 0: conjugate round trip in characteristic zero
OK   rank 0: polynomial reduction returns the channels
OK   rank 1: product equals the composed product
OK   rank 1: product is commutative
OK   rank 1: product is associative
OK   rank 1: derivative equals the composed derivative
OK   rank 1: derivative satisfies Leibniz
OK   rank 1: character table is its own inverse
OK   rank 1: conjugate round trip in characteristic zero
OK   rank 1: polynomial reduction returns the channels
OK   rank 2: product equals the composed product
OK   rank 2: product is commutative
OK   rank 2: product is associative
OK   rank 2: derivative equals the composed derivative
OK   rank 2: derivative satisfies Leibniz
OK   rank 2: character table is its own inverse
OK   rank 2: conjugate round trip in characteristic zero
OK   rank 2: polynomial reduction returns the channels
OK   rank 3: product equals the composed product
OK   rank 3: product is commutative
OK   rank 3: product is associative
OK   rank 3: derivative equals the composed derivative
OK   rank 3: derivative satisfies Leibniz
OK   rank 3: character table is its own inverse
OK   rank 3: conjugate round trip in characteristic zero
OK   rank 3: polynomial reduction returns the channels
OK   rank 0 mod 10007: product agrees with characteristic zero
OK   rank 0 mod 10007: conjugate evaluation agrees with characteristic zero
OK   rank 0 mod 10007: conjugate projection inverts evaluation
OK   rank 0 mod 1000003: product agrees with characteristic zero
OK   rank 0 mod 1000003: conjugate evaluation agrees with characteristic zero
OK   rank 0 mod 1000003: conjugate projection inverts evaluation
OK   rank 1 mod 10007: product agrees with characteristic zero
OK   rank 1 mod 10007: conjugate evaluation agrees with characteristic zero
OK   rank 1 mod 10007: conjugate projection inverts evaluation
OK   rank 1 mod 1000003: product agrees with characteristic zero
OK   rank 1 mod 1000003: conjugate evaluation agrees with characteristic zero
OK   rank 1 mod 1000003: conjugate projection inverts evaluation
OK   rank 2 mod 10007: product agrees with characteristic zero
OK   rank 2 mod 10007: conjugate evaluation agrees with characteristic zero
OK   rank 2 mod 10007: conjugate projection inverts evaluation
OK   rank 2 mod 1000003: product agrees with characteristic zero
OK   rank 2 mod 1000003: conjugate evaluation agrees with characteristic zero
OK   rank 2 mod 1000003: conjugate projection inverts evaluation
OK   rank 3 mod 10007: product agrees with characteristic zero
OK   rank 3 mod 10007: conjugate evaluation agrees with characteristic zero
OK   rank 3 mod 10007: conjugate projection inverts evaluation
OK   rank 3 mod 1000003: product agrees with characteristic zero
OK   rank 3 mod 1000003: conjugate evaluation agrees with characteristic zero
OK   rank 3 mod 1000003: conjugate projection inverts evaluation
OK   a rational vector handed to the modular product fails closed
OK   a rational vector handed to modular conjugate evaluation fails closed
OK   rank 0 reduction returns the sole rational channel
OK   rank 0 reduction rejects a noninteger rational power
OK   rank 1 reduction rejects a noninteger rational power
OK   mask factor selects the bits of the mask
OK   basis masks enumerate the grade lattice
OK   grade closure is the xor closure of the generators
OK   active rank is the F2 rank of the grade masks
OK   split point test accepts a point with all radicands square
OK   split point test rejects a vanishing radicand
OK   modular square roots invert squaring for p = 3 mod 4
OK   modular square roots fail closed on a nonresidue
OK   modular square roots accept the empty rank-0 list
OK   ABI fingerprint is a SHA256 hex string
OK   ABI probe contains System` symbols only
OK   ABI fingerprint does not depend on the reader's context
OK   ABI fingerprint is stable across two loads of the module
OK   the strip module records the same algebra ABI fingerprint
t_multiquadratic_algebra: 75 OK, 0 FAIL
